// Jest Snapshot v1, https://goo.gl/fbAQLP

exports[`renders properly 1`] = `
<div
  className="window"
>
  <button
    className="closeModal"
    onClick={[Function]}
    tabIndex="0"
    type="button"
  >
    <span
      className="glyphicon glyphicon-remove"
    />
  </button>
  <span
    className=""
  >
    <div
      className={null}
      id={null}
    />
  </span>
</div>
`;
